[32m[start_server]=> 服务器未开启，取消连接中..... 请先开启服务器！！！[0m
消连接中..... 请先开启服务器！！！[0m
